Login
   USER
      230
      530
      500, 501, 421
      331, 332
   PASS
      230
      202
      530
      500, 501, 503, 421
      332
   ACCT
      230
      202
      530
      500, 501, 503, 421
   CWD
      250
      500, 501, 502, 421, 530, 550
   CDUP
      200
      500, 501, 502, 421, 530, 550
   SMNT
      202, 250
      500, 501, 502, 421, 530, 550
Logout
   REIN
      120
         220
      220
      421
      500, 502
   QUIT
      221
      500
